15:13:08 qemu pid=6
iininfinfoinfo info sinfo stinfo stainfo statinfo statuinfo status
VM status: running
15:13:28 hmp-probe rc=0
15:14:28 iter=1 result_size=none
15:15:28 iter=2 result_size=none
15:16:28 iter=3 result_size=none
15:17:28 iter=4 result_size=none
15:18:28 iter=5 result_size=none
sscscrscrescreescreenscreendscreenduscreendumscreendumpscreendump screendump sscreendump shscreendump shoscreendump shotscreendump shotsscreendump shots-screendump shots-pscreendump shots-prscreendump shots-priscreendump shots-prioscreendump shots-priorscreendump shots-prior/screendump shots-prior/rscreendump shots-prior/ruscreendump shots-prior/runscreendump shots-prior/run-screendump shots-prior/run-5screendump shots-prior/run-5.screendump shots-prior/run-5.pscreendump shots-prior/run-5.ppscreendump shots-prior/run-5.ppm
shots-prior/run-5.png: 1024x768
15:19:28 iter=6 result_size=none
15:20:28 iter=7 result_size=none
15:21:28 iter=8 result_size=none
15:22:28 iter=9 result_size=none
15:23:28 iter=10 result_size=264442
sscscrscrescreescreenscreendscreenduscreendumscreendumpscreendump screendump sscreendump shscreendump shoscreendump shotscreendump shotsscreendump shots-screendump shots-pscreendump shots-prscreendump shots-priscreendump shots-prioscreendump shots-priorscreendump shots-prior/screendump shots-prior/rscreendump shots-prior/ruscreendump shots-prior/runscreendump shots-prior/run-screendump shots-prior/run-1screendump shots-prior/run-10screendump shots-prior/run-10.screendump shots-prior/run-10.pscreendump shots-prior/run-10.ppscreendump shots-prior/run-10.ppm
shots-prior/run-10.png: 1024x768
15:24:28 iter=11 result_size=264442
15:25:28 iter=12 result_size=264442
15:26:28 iter=13 result_size=264442
15:27:28 iter=14 result_size=264442
15:28:28 iter=15 result_size=264442
sscscrscrescreescreenscreendscreenduscreendumscreendumpscreendump screendump sscreendump shscreendump shoscreendump shotscreendump shotsscreendump shots-screendump shots-pscreendump shots-prscreendump shots-priscreendump shots-prioscreendump shots-priorscreendump shots-prior/screendump shots-prior/rscreendump shots-prior/ruscreendump shots-prior/runscreendump shots-prior/run-screendump shots-prior/run-1screendump shots-prior/run-15screendump shots-prior/run-15.screendump shots-prior/run-15.pscreendump shots-prior/run-15.ppscreendump shots-prior/run-15.ppm
shots-prior/run-15.png: 1024x768
15:29:28 iter=16 result_size=264442
15:30:28 iter=17 result_size=264442
15:31:28 iter=18 result_size=264442
15:32:28 iter=19 result_size=264442
15:33:28 iter=20 result_size=264442
sscscrscrescreescreenscreendscreenduscreendumscreendumpscreendump screendump sscreendump shscreendump shoscreendump shotscreendump shotsscreendump shots-screendump shots-pscreendump shots-prscreendump shots-priscreendump shots-prioscreendump shots-priorscreendump shots-prior/screendump shots-prior/rscreendump shots-prior/ruscreendump shots-prior/runscreendump shots-prior/run-screendump shots-prior/run-2screendump shots-prior/run-20screendump shots-prior/run-20.screendump shots-prior/run-20.pscreendump shots-prior/run-20.ppscreendump shots-prior/run-20.ppm
shots-prior/run-20.png: 1024x768
15:34:29 iter=21 result_size=264442
15:35:29 iter=22 result_size=264442
15:36:29 iter=23 result_size=264442
15:37:29 iter=24 result_size=264442
15:38:29 iter=25 result_size=264442
sscscrscrescreescreenscreendscreenduscreendumscreendumpscreendump screendump sscreendump shscreendump shoscreendump shotscreendump shotsscreendump shots-screendump shots-pscreendump shots-prscreendump shots-priscreendump shots-prioscreendump shots-priorscreendump shots-prior/screendump shots-prior/rscreendump shots-prior/ruscreendump shots-prior/runscreendump shots-prior/run-screendump shots-prior/run-2screendump shots-prior/run-25screendump shots-prior/run-25.screendump shots-prior/run-25.pscreendump shots-prior/run-25.ppscreendump shots-prior/run-25.ppm
shots-prior/run-25.png: 1024x768
15:39:29 iter=26 result_size=264442
