1/81 root.test_0...OK
2/81 crypto.root.test_0...OK
3/81 daemon.root.test_0...OK
4/81 proto.root.test_0...OK
5/81 substrate.root.test_0...OK
6/81 wasm.host.root.test_0...OK
7/81 substrate.io.root.test_0...OK
8/81 substrate.ripple_props.test_0...OK
9/81 substrate.ripple.test_0...OK
10/81 substrate.undertow.root.test_0...OK
11/81 substrate.undertow.peer_link.test_0...OK
12/81 substrate.undertow.s2s_peer.test.MARKREAD mesh extension gates private facts and rejects legacy echo and unsigned frames...OK
13/81 crypto.sign.test_0...OK
14/81 substrate.io.buf_ring.test_0...OK
15/81 substrate.io.ring.test_0...OK
16/81 proto.asn1_time.test_0...OK
17/81 proto.certfp.test_0...OK
18/81 proto.cloak.test_0...OK
19/81 proto.ircx_modex.test_0...OK
20/81 proto.ircx_saccess.test_0...OK
21/81 proto.listx.test_0...OK
22/81 proto.mooring.test_0...OK
23/81 proto.mooring_props.test_0...OK
24/81 proto.quic_handshake.test_0...OK
25/81 proto.quic_transport_params.test_0...OK
26/81 proto.read_marker_store.test.parse GET SET and malformed MARKREAD...OK
27/81 proto.read_marker_store.test.MARKREAD prepared set abort and allocation failures retain monotonic state...OK
28/81 proto.sasl_external_verify.test_0...OK
29/81 proto.sasl_mechrouter.test_0...OK
30/81 proto.sasl_oauthbearer.test_0...OK
31/81 proto.sasl.test_0...OK
32/81 proto.sasl_scram512_server.test_0...OK
33/81 proto.sasl_scram.test_0...OK
34/81 proto.sasl_scram_server.test_0...OK
35/81 proto.signed_delta.test_0...OK
36/81 proto.toml.test_0...OK
37/81 proto.x509.test_0...OK
38/81 daemon.modules.manifest.test_0...OK
39/81 daemon.key_transparency.test_0...OK
40/81 daemon.acme_cli.test_0...OK
41/81 daemon.acme_http01_listener.test_0...OK
42/81 daemon.acme_renewal.test_0...OK
43/81 daemon.acme_runner.test_0...OK
44/81 daemon.config_format.test_0...OK
45/81 daemon.helix.root.test_0...OK
46/81 daemon.metrics_http.test_0...OK
47/81 daemon.webhook.test_0...OK
48/81 daemon.webhook_render.test_0...OK
49/81 daemon.webhook_http.test_0...OK
50/81 daemon.oauth_jwt.test_0...OK
51/81 daemon.ocsp_staple.test_0...OK
52/81 daemon.reactor_pool.test_0...OK
53/81 daemon.sasl_bridge.test_0...OK
54/81 daemon.scram_store.test_0...OK
55/81 daemon.server.test.UPGRADE GAP-P16 MARKREAD survives the dropped process image and rewind stays bounded...OK
56/81 daemon.server.test.threaded server: MARKREAD set then get...Segmentation fault at address 0x74a25c4e4500
compiler_rt/stack_probe.zig:47:13: 0x864f3785d14 in zig_probe_stack (compiler_rt)
Segmentation fault (core dumped)
