test-mesh
+- run test w
GAP-A2 branch=check-config refuse unsecured mesh.connect; compat default
GAP-K7 branch=written threat boundary; history rekey is not a daemon mode because the daemon holds no epoch key; metadata-min is refused because NAMES search and abuse require server-visible membership; implementation does not follow
GAP-O8 branch=filter exchanged before the ward list; a hit is re-checked and is not the authority
GAP-O9 branch=two-person rule waits for a second distinct operator; flag off is unchanged
GAP-P5 branch=mesh link returns one authorized hit and skips ciphertext
GAP-P5 branch=mesh link local batch plus peer hits stay inside the hard cap
failed command: ./.zig-cache/o/a9ec382c9ee93066f73b583ea27cb673/test --cache-dir=./.zig-cache --seed=0xfccae212 --listen=-

test-helix
+- run test w
section 10 branch=stop maintaining memo_capsule away_capsule and ratelimit_capsule; CapsuleKind stays 1 through 17; ban_capsule stays
GAP-A7 branch=refuse cold restart required before UPGRADE; unchanged listeners still queue
GAP-O12 branch=a malformed BGNT image rejects the whole handoff
GAP-P1 branch=a malformed THRD image rejects the whole handoff
GAP-P3 branch=a malformed SCHD image rejects the whole handoff
GAP-K8 branch=an HRR resumption binder covers ClientHello1 and the HelloRetryRequest
failed command: ./.zig-cache/o/808f329e917816819246e15990848d5c/test --cache-dir=./.zig-cache --seed=0xfccae212 --listen=-

test-server
+- run test w
GAP-D3 branch=same-image USR2 kept gag 192.0.2.11 and granted vhost staff
GAP-D5 branch=same-image USR2 invalidated the pre-crash verify and reset tokens, then SCRAM and CertFP still resolved and a new token confirmed
GAP-X2 step3 branch=SEARCH command family moved behind the messaging thunk and the membership rate-limit and result cap still hold
failed command: ./.zig-cache/o/7246e2d1bde9273ec0d36ecdb5e0af64/test --cache-dir=./.zig-cache --seed=0xfccae212 --listen=-

test-services
+- run test 565 pass, 1 fail (566 total)
GAP-D4 branch=same-image USR2 kept shun spamtrap Koshi reputation and account score; the new connection guard started full
TOTP atomic allocation sweep disable=false failures=7 then success
TOTP atomic allocation sweep disable=true failures=5 then success
TOTP atomic cold replay disable=false write=failed sync=false active=false token_valid=true
TOTP atomic cold replay disable=false write=short sync=false active=false token_valid=true
TOTP atomic cold replay disable=false write=none sync=true active=true token_valid=false
TOTP atomic cold replay disable=true write=failed sync=false active=true token_valid=true
TOTP atomic cold replay disable=true write=short sync=false active=true token_valid=true
TOTP atomic cold replay disable=true write=none sync=true active=false token_valid=false
TOTP atomic RESETPASS allocation failures before password=9 then success
GAP-P0b branch=oauth refuses unknown account unless oauth_auto_provision
GAP-P0c branch=remote SYS and ADM DATA tags stay closed even for an operator account
GAP-P0c branch=whowas account and real host
TOTP atomic enable: 7 induced allocation failures, retries, and cold reopens
TOTP atomic disable: 5 induced allocation failures, retries, and cold reopens
TOTP atomic replace: 7 induced allocation failures, retries, and cold reopens
TOTP atomic revoke: 3 induced allocation failures, retries, and cold reopens
TOTP atomic rotate: 11 induced allocation failures, retries, and cold reopens
TOTP atomic reset: 9 induced allocation failures, retries, and cold reopens
GAP-D7 branch=a failed pending-address write issues no verification token; live mail stays off
error: 'daemon.server.test.GAP-D2 kill-restart and same-image USR2 deliver the memo and fire MEMO_PUSH' failed:
       GAP-P0b branch=cap onyx/2fa=IDENTIFY before AUTHENTICATE
       GAP-P0b branch=oauth refuses unknown account unless oauth_auto_provision
       GAP-A3 branch=rowless session replica proof; forged account is UID-renamed
       /usr/local/lib/zig-0.17/lib/zig/std/testing.zig:614:14: 0x17f58d9 in expect (std.zig)
           if (!ok) return error.TestUnexpectedResult;
                    ^
       /home/kain/onyx-server/src/daemon/server.zig:63528:5: 0x32032c6 in test.GAP-D2 kill-restart and same-image USR2 deliver the memo and fire MEMO_PUSH (root.zig)
           try std.testing.expect(link.outbound().len != 0);
           ^
failed command: ./.zig-cache/o/42f124731548e8840b31f477bee28c6b/test --cache-dir=./.zig-cache --seed=0xfccae212 --listen=-

Build Summary: 11/13 steps succeeded (1 failed); 2332/2344 tests passed (11 skipped, 1 failed)
test-server success
+- run test 469 pass, 4 skip (473 total) 8m MaxRSS:519M
   +- compile test Debug native success 31s MaxRSS:642M
      +- options cached
test-services transitive failure
+- run test 565 pass, 1 fail (566 total)
   +- compile test Debug native success 30s MaxRSS:635M
      +- options (reused)
test-helix success
+- run test 777 pass, 5 skip (782 total) 2m MaxRSS:530M
   +- compile test Debug native success 34s MaxRSS:669M
      +- options (reused)
test-mesh success
+- run test 521 pass, 2 skip (523 total) 1m MaxRSS:511M
   +- compile test Debug native success 33s MaxRSS:691M
      +- options (reused)
