test-helix
+- run test w
section 10 branch=stop maintaining memo_capsule away_capsule and ratelimit_capsule; CapsuleKind stays 1 through 17; ban_capsule stays
GAP-A7 branch=refuse cold restart required before UPGRADE; unchanged listeners still queue
GAP-O12 branch=a malformed BGNT image rejects the whole handoff
GAP-P1 branch=a malformed THRD image rejects the whole handoff
GAP-P3 branch=a malformed SCHD image rejects the whole handoff
GAP-K8 branch=an HRR resumption binder covers ClientHello1 and the HelloRetryRequest
failed command: ./.zig-cache/o/8431b01557f5c73503bed5403eb4a02d/test --cache-dir=./.zig-cache --seed=0xb9a2fa36 --listen=-

test-mesh
+- run test w
GAP-A2 branch=check-config refuse unsecured mesh.connect; compat default
GAP-K7 branch=written threat boundary; history rekey is not a daemon mode because the daemon holds no epoch key; metadata-min is refused because NAMES search and abuse require server-visible membership; implementation does not follow
GAP-O8 branch=filter exchanged before the ward list; a hit is re-checked and is not the authority
GAP-O9 branch=two-person rule waits for a second distinct operator; flag off is unchanged
GAP-P5 branch=mesh link returns one authorized hit and skips ciphertext
GAP-P5 branch=mesh link local batch plus peer hits stay inside the hard cap
failed command: ./.zig-cache/o/86a70757b53f0f4c468955af049a656b/test --cache-dir=./.zig-cache --seed=0xb9a2fa36 --listen=-

test-server
+- run test w
GAP-D3 branch=same-image USR2 kept gag 192.0.2.11 and granted vhost staff
GAP-D5 branch=same-image USR2 invalidated the pre-crash verify and reset tokens, then SCRAM and CertFP still resolved and a new token confirmed
GAP-X2 step3 branch=SEARCH command family moved behind the messaging thunk and the membership rate-limit and result cap still hold
failed command: ./.zig-cache/o/dd6e23cdf24748d5bf5af4501e7a2821/test --cache-dir=./.zig-cache --seed=0xb9a2fa36 --listen=-

test-services
+- run test w
GAP-P0b branch=cap onyx/2fa=IDENTIFY before AUTHENTICATE
GAP-P0b branch=oauth refuses unknown account unless oauth_auto_provision
GAP-A3 branch=rowless session replica proof; forged account is UID-renamed
GAP-D2 branch=kill-restart plus same-image USR2 delivered usr2 offline and fired MEMO_PUSH
GAP-D4 branch=same-image USR2 kept shun spamtrap Koshi reputation and account score; the new connection guard started full
TOTP atomic allocation sweep disable=false failures=7 then success
TOTP atomic allocation sweep disable=true failures=5 then success
TOTP atomic cold replay disable=false write=failed sync=false active=false token_valid=true
TOTP atomic cold replay disable=false write=short sync=false active=false token_valid=true
TOTP atomic cold replay disable=false write=none sync=true active=true token_valid=false
TOTP atomic cold replay disable=true write=failed sync=false active=true token_valid=true
TOTP atomic cold replay disable=true write=short sync=false active=true token_valid=true
TOTP atomic cold replay disable=true write=none sync=true active=false token_valid=false
TOTP atomic RESETPASS allocation failures before password=9 then success
GAP-P0b branch=oauth refuses unknown account unless oauth_auto_provision
GAP-P0c branch=remote SYS and ADM DATA tags stay closed even for an operator account
GAP-P0c branch=whowas account and real host
TOTP atomic enable: 7 induced allocation failures, retries, and cold reopens
TOTP atomic disable: 5 induced allocation failures, retries, and cold reopens
TOTP atomic replace: 7 induced allocation failures, retries, and cold reopens
TOTP atomic revoke: 3 induced allocation failures, retries, and cold reopens
TOTP atomic rotate: 11 induced allocation failures, retries, and cold reopens
TOTP atomic reset: 9 induced allocation failures, retries, and cold reopens
GAP-D7 branch=a failed pending-address write issues no verification token; live mail stays off
failed command: ./.zig-cache/o/13b3df763f4c0db533108a221ecfc94d/test --cache-dir=./.zig-cache --seed=0xb9a2fa36 --listen=-

Build Summary: 13/13 steps succeeded; 2354/2365 tests passed (11 skipped)
test-server success
+- run test 469 pass, 4 skip (473 total) 6m MaxRSS:523M
   +- compile test Debug native success 32s MaxRSS:647M
      +- options cached
test-services success
+- run test 567 pass (567 total) 11m MaxRSS:200M
   +- compile test Debug native success 32s MaxRSS:637M
      +- options (reused)
test-helix success
+- run test 778 pass, 5 skip (783 total) 2m MaxRSS:532M
   +- compile test Debug native success 32s MaxRSS:660M
      +- options (reused)
test-mesh success
+- run test 540 pass, 2 skip (542 total) 2m MaxRSS:514M
   +- compile test Debug native success 33s MaxRSS:684M
      +- options (reused)
