test-services
+- run test w
GAP-P0b branch=cap onyx/2fa=IDENTIFY before AUTHENTICATE
GAP-P0b branch=oauth refuses unknown account unless oauth_auto_provision
GAP-A3 branch=rowless session replica proof; forged account is UID-renamed
GAP-D2 branch=kill-restart plus same-image USR2 delivered usr2 offline and fired MEMO_PUSH
GAP-D4 branch=same-image USR2 kept shun spamtrap Koshi reputation and account score; the new connection guard started full
TOTP atomic allocation sweep disable=false failures=7 then success
TOTP atomic allocation sweep disable=true failures=5 then success
TOTP atomic cold replay disable=false write=failed sync=false active=false token_valid=true
TOTP atomic cold replay disable=false write=short sync=false active=false token_valid=true
TOTP atomic cold replay disable=false write=none sync=true active=true token_valid=false
TOTP atomic cold replay disable=true write=failed sync=false active=true token_valid=true
TOTP atomic cold replay disable=true write=short sync=false active=true token_valid=true
TOTP atomic cold replay disable=true write=none sync=true active=false token_valid=false
TOTP atomic RESETPASS allocation failures before password=9 then success
GAP-P0b branch=oauth refuses unknown account unless oauth_auto_provision
GAP-P0c branch=remote SYS and ADM DATA tags stay closed even for an operator account
GAP-P0c branch=whowas account and real host
TOTP atomic enable: 7 induced allocation failures, retries, and cold reopens
TOTP atomic disable: 5 induced allocation failures, retries, and cold reopens
TOTP atomic replace: 7 induced allocation failures, retries, and cold reopens
TOTP atomic revoke: 3 induced allocation failures, retries, and cold reopens
TOTP atomic rotate: 11 induced allocation failures, retries, and cold reopens
TOTP atomic reset: 9 induced allocation failures, retries, and cold reopens
GAP-D7 branch=a failed pending-address write issues no verification token; live mail stays off
failed command: ./.zig-cache/o/dd19f3f4609ba5854950036d6300be35/test --cache-dir=./.zig-cache --seed=0xf2c38847 --listen=-

test-helix
+- run test w
section 10 branch=stop maintaining memo_capsule away_capsule and ratelimit_capsule; CapsuleKind stays 1 through 17; ban_capsule stays
GAP-A7 branch=refuse cold restart required before UPGRADE; unchanged listeners still queue
GAP-O12 branch=a malformed BGNT image rejects the whole handoff
GAP-P1 branch=a malformed THRD image rejects the whole handoff
GAP-P3 branch=a malformed SCHD image rejects the whole handoff
GAP-K8 branch=an HRR resumption binder covers ClientHello1 and the HelloRetryRequest
failed command: ./.zig-cache/o/778719c51d953099396649016c118d6e/test --cache-dir=./.zig-cache --seed=0xf2c38847 --listen=-

test-mesh
+- run test w
GAP-A2 branch=check-config refuse unsecured mesh.connect; compat default
GAP-K7 branch=written threat boundary; history rekey is not a daemon mode because the daemon holds no epoch key; metadata-min is refused because NAMES search and abuse require server-visible membership; implementation does not follow
GAP-O8 branch=filter exchanged before the ward list; a hit is re-checked and is not the authority
GAP-O9 branch=two-person rule waits for a second distinct operator; flag off is unchanged
GAP-P5 branch=mesh link returns one authorized hit and skips ciphertext
GAP-P5 branch=mesh link local batch plus peer hits stay inside the hard cap
failed command: ./.zig-cache/o/0e6bd7003332aafb74b1af9d02c45cfa/test --cache-dir=./.zig-cache --seed=0xf2c38847 --listen=-

test-server
+- run test w
GAP-D3 branch=same-image USR2 kept gag 192.0.2.11 and granted vhost staff
GAP-D5 branch=same-image USR2 invalidated the pre-crash verify and reset tokens, then SCRAM and CertFP still resolved and a new token confirmed
GAP-X2 step3 branch=SEARCH command family moved behind the messaging thunk and the membership rate-limit and result cap still hold
failed command: ./.zig-cache/o/410037fb21ff380aef679ef5859cf07f/test --cache-dir=./.zig-cache --seed=0xf2c38847 --listen=-

Build Summary: 13/13 steps succeeded; 2333/2344 tests passed (11 skipped)
test-server success
+- run test 469 pass, 4 skip (473 total) 1m MaxRSS:459M
   +- compile test ReleaseSafe native success 12m MaxRSS:2G
      +- options cached
test-services success
+- run test 566 pass (566 total) 1m MaxRSS:150M
   +- compile test ReleaseSafe native success 11m MaxRSS:2G
      +- options (reused)
test-helix success
+- run test 777 pass, 5 skip (782 total) 34s MaxRSS:460M
   +- compile test ReleaseSafe native success 12m MaxRSS:3G
      +- options (reused)
test-mesh success
+- run test 521 pass, 2 skip (523 total) 29s MaxRSS:460M
   +- compile test ReleaseSafe native success 13m MaxRSS:3G
      +- options (reused)
