1/90 root.test_0...OK
2/90 crypto.root.test_0...OK
3/90 daemon.root.test_0...OK
4/90 proto.root.test_0...OK
5/90 substrate.root.test_0...OK
6/90 wasm.host.root.test_0...OK
7/90 substrate.io.root.test_0...OK
8/90 substrate.ripple_props.test_0...OK
9/90 substrate.ripple.test_0...OK
10/90 substrate.undertow.root.test_0...OK
11/90 substrate.undertow.peer_link.test_0...OK
12/90 substrate.io.buf_ring.test_0...OK
13/90 substrate.io.ring.test_0...OK
14/90 proto.asn1_time.test_0...OK
15/90 proto.certfp.test_0...OK
16/90 proto.cloak.test_0...OK
17/90 proto.ircx_modex.test_0...OK
18/90 proto.ircx_saccess.test_0...OK
19/90 proto.listx.test_0...OK
20/90 proto.mooring.test_0...OK
21/90 proto.mooring_props.test_0...OK
22/90 proto.quic_handshake.test_0...OK
23/90 proto.quic_transport_params.test_0...OK
24/90 proto.sasl_external_verify.test_0...OK
25/90 proto.sasl_mechrouter.test_0...OK
26/90 proto.sasl_oauthbearer.test_0...OK
27/90 proto.sasl.test_0...OK
28/90 proto.sasl_scram512_server.test_0...OK
29/90 proto.sasl_scram.test_0...OK
30/90 proto.sasl_scram_server.test_0...OK
31/90 proto.signed_delta.test_0...OK
32/90 proto.toml.test_0...OK
33/90 proto.x509.test_0...OK
34/90 daemon.modules.manifest.test_0...OK
35/90 daemon.key_transparency.test_0...OK
36/90 daemon.acme_cli.test_0...OK
37/90 daemon.acme_http01_listener.test_0...OK
38/90 daemon.acme_renewal.test_0...OK
39/90 daemon.acme_runner.test_0...OK
40/90 daemon.config_format.test_0...OK
41/90 daemon.helix.root.test_0...OK
42/90 daemon.metrics_http.test_0...OK
43/90 daemon.webhook.test_0...OK
44/90 daemon.webhook_render.test_0...OK
45/90 daemon.webhook_http.test_0...OK
46/90 daemon.oauth_jwt.test_0...OK
47/90 daemon.ocsp_staple.test_0...OK
48/90 daemon.reactor_pool.test_0...OK
49/90 daemon.sasl_bridge.test_0...OK
50/90 daemon.scram_store.test_0...OK
51/90 daemon.server.test.UPGRADE GAP-D2 offline memo survives the dropped process image...OK
52/90 daemon.server.test.UPGRADE GAP-D2 restored memo is delivered when the account attaches...OK
53/90 daemon.server.test.GAP-D2 kill-restart and same-image USR2 deliver the memo and fire MEMO_PUSH...SKIP
54/90 daemon.server.test.same-IP mesh dial plaintext responder loser delivers its final handshake before close...OK
55/90 daemon.server.test.same-IP mesh dial secured responder loser retains armed ciphertext until send completion...OK
56/90 daemon.server.test.same-IP mesh dial blocked duplicate drain expires and Helix refuses its partial cut...OK
57/90 daemon.server.test.same-IP mesh dial receive caller observes zero-output loser retirement by exact generation...OK
58/90 daemon.server.test.same-IP mesh dial routing excludes draining loser for MESSAGE_V2 replay...OK
59/90 daemon.server.test.same-IP mesh dial routing excludes draining loser for MESSAGE_V2 ACK...OK
60/90 daemon.server.test.same-IP mesh dial routing excludes draining loser for MESSAGE_V2 ACK_CONFIRM...OK
61/90 daemon.server.test.same-IP mesh dial routing excludes draining loser for E2EEGROUP ACK...OK
62/90 daemon.server.test.same-IP mesh dial routing excludes draining loser for E2EEGROUP ACK_CONFIRM...OK
63/90 daemon.server.test.same-IP mesh dial routing excludes draining loser from Event Spine fanout...OK
64/90 daemon.server.test.same-IP mesh dial routing excludes draining loser from legacy message fanout...OK
65/90 daemon.server.test.same-IP mesh dial unknown inbound peer cannot claim another configured endpoint...OK
66/90 daemon.server.test.same-IP mesh dial binding requires the full secured key despite equal peer names...OK
67/90 daemon.server.test.same-IP mesh dial malformed carried endpoint is refused before slot or dial mutation...OK
68/90 daemon.server.test.threaded server: same-IP mesh dial partition heals after inbound binding and sequential Helix...OK
69/90 daemon.server.test_0...OK
70/90 daemon.sessions.test_0...OK
71/90 daemon.tls_certs.test_0...OK
72/90 daemon.tls_conn.test_0...OK
73/90 daemon.tls_sni_load.test_0...OK
74/90 crypto.tls_server.test_0...OK
75/90 crypto.tls_record.test_0...OK
76/90 crypto.hkdf_tls13.test_0...OK
77/90 crypto.hash.test_0...OK
78/90 crypto.random.test_0...OK
79/90 crypto.kx.test_0...OK
80/90 crypto.sign.test_0...OK
81/90 crypto.xwing.test_0...OK
82/90 crypto.tls_client.test_0...OK
83/90 crypto.sct.test_0...OK
84/90 daemon.memo_durable.test.GAP-D2 memo survives a dropped store image and keeps the mailbox bound...OK
85/90 crypto.aead.test_0...OK
86/90 crypto.ecdsa_kat.test_0...OK
87/90 crypto.ed25519_batch.test_0...OK
88/90 crypto.sign_kat.test_0...OK
89/90 crypto.tls_props.test_0...OK
90/90 crypto.tls.test_0...OK
89 passed; 1 skipped; 0 failed.
All 0 tests passed.
1/2 armor_main.test_0...OK
2/2 root.test_0...OK
All 2 tests passed.
