1/79 root.test_0...OK
2/79 crypto.root.test_0...OK
3/79 daemon.root.test_0...OK
4/79 proto.root.test_0...OK
5/79 substrate.root.test_0...OK
6/79 wasm.host.root.test_0...OK
7/79 substrate.io.root.test_0...OK
8/79 substrate.ripple_props.test_0...OK
9/79 substrate.ripple.test_0...OK
10/79 substrate.undertow.root.test_0...OK
11/79 substrate.undertow.peer_link.test_0...OK
12/79 substrate.io.buf_ring.test_0...OK
13/79 substrate.io.ring.test_0...OK
14/79 proto.asn1_time.test_0...OK
15/79 proto.certfp.test_0...OK
16/79 proto.cloak.test_0...OK
17/79 proto.ircx_modex.test_0...OK
18/79 proto.ircx_saccess.test_0...OK
19/79 proto.listx.test_0...OK
20/79 proto.mooring.test_0...OK
21/79 proto.mooring_props.test_0...OK
22/79 proto.quic_handshake.test_0...OK
23/79 proto.quic_transport_params.test_0...OK
24/79 proto.sasl_external_verify.test_0...OK
25/79 proto.sasl_mechrouter.test_0...OK
26/79 proto.sasl_oauthbearer.test_0...OK
27/79 proto.sasl.test_0...OK
28/79 proto.sasl_scram512_server.test_0...OK
29/79 proto.sasl_scram.test_0...OK
30/79 proto.sasl_scram_server.test_0...OK
31/79 proto.signed_delta.test_0...OK
32/79 proto.toml.test_0...OK
33/79 proto.x509.test_0...OK
34/79 daemon.modules.manifest.test_0...OK
35/79 daemon.key_transparency.test_0...OK
36/79 daemon.acme_cli.test_0...OK
37/79 daemon.acme_http01_listener.test_0...OK
38/79 daemon.acme_renewal.test_0...OK
39/79 daemon.acme_runner.test_0...OK
40/79 daemon.config_format.test_0...OK
41/79 daemon.helix.root.test_0...OK
42/79 daemon.metrics_http.test_0...OK
43/79 daemon.webhook.test_0...OK
44/79 daemon.webhook_render.test_0...OK
45/79 daemon.webhook_http.test_0...OK
46/79 daemon.oauth_jwt.test_0...OK
47/79 daemon.ocsp_staple.test_0...OK
48/79 daemon.reactor_pool.test_0...OK
49/79 daemon.sasl_bridge.test_0...OK
50/79 daemon.scram_store.test_0...OK
51/79 daemon.server.test.same-IP mesh dial plaintext responder loser delivers its final handshake before close...OK
52/79 daemon.server.test.same-IP mesh dial secured responder loser retains armed ciphertext until send completion...OK
53/79 daemon.server.test.same-IP mesh dial blocked duplicate drain expires and Helix refuses its partial cut...OK
54/79 daemon.server.test.same-IP mesh dial receive caller observes zero-output loser retirement by exact generation...OK
55/79 daemon.server.test.same-IP mesh dial unknown inbound peer cannot claim another configured endpoint...OK
56/79 daemon.server.test.same-IP mesh dial binding requires the full secured key despite equal peer names...OK
57/79 daemon.server.test.same-IP mesh dial malformed carried endpoint is refused before slot or dial mutation...OK
58/79 daemon.server.test.threaded server: same-IP mesh dial partition heals after inbound binding and sequential Helix...OK
59/79 daemon.server.test_0...OK
60/79 daemon.sessions.test_0...OK
61/79 daemon.tls_certs.test_0...OK
62/79 daemon.tls_conn.test_0...OK
63/79 daemon.tls_sni_load.test_0...OK
64/79 crypto.tls_server.test_0...OK
65/79 crypto.tls_record.test_0...OK
66/79 crypto.hkdf_tls13.test_0...OK
67/79 crypto.hash.test_0...OK
68/79 crypto.random.test_0...OK
69/79 crypto.kx.test_0...OK
70/79 crypto.sign.test_0...OK
71/79 crypto.xwing.test_0...OK
72/79 crypto.tls_client.test_0...OK
73/79 crypto.sct.test_0...OK
74/79 crypto.aead.test_0...OK
75/79 crypto.ecdsa_kat.test_0...OK
76/79 crypto.ed25519_batch.test_0...OK
77/79 crypto.sign_kat.test_0...OK
78/79 crypto.tls_props.test_0...OK
79/79 crypto.tls.test_0...OK
All 79 tests passed.
All 0 tests passed.
1/2 armor_main.test_0...OK
2/2 root.test_0...OK
All 2 tests passed.
