test-mesh
+- run test 509 pass, 2 skip, 1 fail (512 total)
GAP-O9 branch=two-person rule waits for a second distinct operator; flag off is unchanged
GAP-P5 branch=mesh link returns one authorized hit and skips ciphertext
GAP-P5 branch=mesh link local batch plus peer hits stay inside the hard cap
error: 'daemon.server.test.threaded server: reciprocal [mesh].connect survives redial sweeps' failed:
       GAP-A2 branch=check-config refuse unsecured mesh.connect; compat default
       GAP-K7 branch=written threat boundary; history rekey is not a daemon mode because the daemon holds no epoch key; metadata-min is refused because NAMES search and abuse require server-visible membership; implementation does not follow
       GAP-O8 branch=filter exchanged before the ward list; a hit is re-checked and is not the authority
       expected 1, found 8
       /usr/local/lib/zig-0.17/lib/zig/std/testing.zig:111:17: 0x161b3b9 in expectEqualInner__anon_41143 (std.zig)
                       return error.TestExpectedEqual;
                       ^
       /usr/local/lib/zig-0.17/lib/zig/std/testing.zig:75:5: 0x3422687 in expectEqual (root.zig)
           return expectEqualInner(T, expected, actual);
           ^
       /home/kain/onyx-server/src/daemon/server.zig:107141:9: 0x3422786 in runReciprocalMeshDurabilityTest (root.zig)
               try std.testing.expectEqual(node1_collapses, countMeshLogDetail(&node1, "duplicate link collapsed"));
               ^
       /home/kain/onyx-server/src/daemon/server.zig:107277:5: 0x3423dff in test.threaded server: reciprocal [mesh].connect survives redial sweeps (root.zig)
           try runReciprocalMeshDurabilityTest(1, 1);
           ^
failed command: ./.zig-cache/o/211981276482b03bf6d0190e71e65372/test --cache-dir=./.zig-cache --seed=0xc869ff30 --listen=-

test-helix
+- run test w
section 10 branch=stop maintaining memo_capsule away_capsule and ratelimit_capsule; CapsuleKind stays 1 through 17; ban_capsule stays
GAP-A7 branch=refuse cold restart required before UPGRADE; unchanged listeners still queue
GAP-O12 branch=a malformed BGNT image rejects the whole handoff
GAP-P1 branch=a malformed THRD image rejects the whole handoff
GAP-P3 branch=a malformed SCHD image rejects the whole handoff
GAP-K8 branch=an HRR resumption binder covers ClientHello1 and the HelloRetryRequest
failed command: ./.zig-cache/o/ad5fbb1221f548a8c103cc6565ff994c/test --cache-dir=./.zig-cache --seed=0xc869ff30 --listen=-
