[1/83] root.test_0 ... OK (1us)
[2/83] crypto.root.test_0 ... OK (1us)
[3/83] daemon.root.test_0 ... OK (5us)
[4/83] proto.root.test_0 ... OK (1us)
[5/83] substrate.root.test_0 ... OK (1us)
[6/83] wasm.host.root.test_0 ... OK (1us)
[7/83] substrate.io.root.test_0 ... OK (1us)
[8/83] substrate.platform.test.credential clock rejects malformed and overflowing Unix timestamps ... OK (8us)
[9/83] substrate.ripple_props.test_0 ... OK (1us)
[10/83] substrate.ripple.test_0 ... OK (1us)
[11/83] substrate.undertow.root.test_0 ... OK (1us)
[12/83] substrate.undertow.peer_link.test_0 ... OK (4us)
[13/83] substrate.undertow.route_table.test.session token metadata is receiver-owned, LWW copied, and explicitly rebound ... OK (59ms)
[14/83] substrate.undertow.s2s_peer.test.session token resolver rejects or binds channel-aware membership before route mutation ... OK (41ms)
[15/83] substrate.undertow.s2s_peer.test.session token reconcile revoke queues one PART and a later wire PART is unchanged ... OK (20ms)
[16/83] substrate.undertow.s2s_peer.test.session token reconcile and NICKCHANGE honor Store-selected nick authority ... OK (52ms)
[17/83] substrate.undertow.s2s_peer.test.session token reconcile allocation failure retains old identity for retry ... OK (14ms)
[18/83] substrate.undertow.s2s_peer.test.session token revoke allocation failure retains membership for retry ... OK (11ms)
[19/83] crypto.sign.test_0 ... OK (1us)
[20/83] substrate.io.buf_ring.test_0 ... OK (1us)
[21/83] substrate.io.ring.test_0 ... OK (1us)
[22/83] proto.asn1_time.test_0 ... OK (1us)
[23/83] proto.certfp.test_0 ... OK (1us)
[24/83] proto.cloak.test_0 ... OK (6us)
[25/83] proto.ircx_modex.test_0 ... OK (1us)
[26/83] proto.ircx_saccess.test_0 ... OK (1us)
[27/83] proto.listx.test_0 ... OK (1us)
[28/83] proto.mooring.test_0 ... OK (4us)
[29/83] proto.mooring_props.test_0 ... OK (1us)
[30/83] proto.quic_handshake.test_0 ... OK (4us)
[31/83] proto.quic_transport_params.test_0 ... OK (6us)
[32/83] proto.sasl_external_verify.test_0 ... OK (1us)
[33/83] proto.sasl_mechrouter.test_0 ... OK (1us)
[34/83] proto.sasl_oauthbearer.test_0 ... OK (1us)
[35/83] proto.sasl.test_0 ... OK (1us)
[36/83] proto.sasl_scram512_server.test_0 ... OK (1us)
[37/83] proto.sasl_scram.test_0 ... OK (1us)
[38/83] proto.sasl_scram_server.test_0 ... OK (1us)
[39/83] proto.signed_delta.test_0 ... OK (1us)
[40/83] proto.toml.test_0 ... OK (1us)
[41/83] proto.x509.test_0 ... OK (1us)
[42/83] daemon.modules.manifest.test_0 ... OK (1us)
[43/83] daemon.key_transparency.test_0 ... OK (1us)
[44/83] daemon.acme_cli.test_0 ... OK (4us)
[45/83] daemon.acme_http01_listener.test_0 ... OK (1us)
[46/83] daemon.acme_renewal.test_0 ... OK (1us)
[47/83] daemon.acme_runner.test_0 ... OK (4us)
[48/83] daemon.config_format.test_0 ... OK (1us)
[49/83] daemon.helix.root.test_0 ... OK (1us)
[50/83] daemon.metrics_http.test_0 ... OK (1us)
[51/83] daemon.webhook.test_0 ... OK (1us)
[52/83] daemon.webhook_render.test_0 ... OK (1us)
[53/83] daemon.webhook_http.test_0 ... OK (4us)
[54/83] daemon.oauth_jwt.test_0 ... OK (1us)
[55/83] daemon.ocsp_staple.test_0 ... OK (1us)
[56/83] daemon.reactor_pool.test_0 ... OK (1us)
[57/83] daemon.sasl_bridge.test_0 ... OK (1us)
[58/83] daemon.scram_store.test_0 ... OK (1us)
[59/83] daemon.secured_s2s_link.test.secured link retains session token resolver across lazy inner establishment ... OK (87ms)
[60/83] daemon.server.test.UPGRADE logged-in client without exact session token is incomplete ... OK (34ms)
[61/83] daemon.server.test.TOTP CONFIRM revokes an existing session token (no 2FA-free re-entry) ... OK (3.095s)
[62/83] daemon.server.test_0 ... OK (1us)
[63/83] daemon.services.test.session tokens issue, validate by hash, and expire ... OK (3.441s)
[64/83] daemon.services.test.session token validation refuses orphan records after rotation and revocation ... OK (2.836s)
[65/83] daemon.sessions.test_0 ... OK (1us)
[66/83] daemon.tls_certs.test_0 ... OK (5us)
[67/83] daemon.tls_conn.test_0 ... OK (1us)
[68/83] daemon.tls_sni_load.test_0 ... OK (1us)
[69/83] crypto.tls_server.test_0 ... OK (1us)
[70/83] crypto.tls_record.test_0 ... OK (1us)
[71/83] crypto.hkdf_tls13.test_0 ... OK (1us)
[72/83] crypto.hash.test_0 ... OK (1us)
[73/83] crypto.random.test_0 ... OK (1us)
[74/83] crypto.kx.test_0 ... OK (1us)
[75/83] crypto.xwing.test_0 ... OK (1us)
[76/83] crypto.tls_client.test_0 ... OK (1us)
[77/83] crypto.sct.test_0 ... OK (1us)
[78/83] crypto.aead.test_0 ... OK (1us)
[79/83] crypto.ecdsa_kat.test_0 ... OK (1us)
[80/83] crypto.ed25519_batch.test_0 ... OK (1us)
[81/83] crypto.sign_kat.test_0 ... OK (1us)
[82/83] crypto.tls_props.test_0 ... OK (1us)
[83/83] crypto.tls.test_0 ... OK (1us)
verbose test summary: 83 passed; 0 skipped; 0 failed; 0 leaked; 0 log errors; elapsed 9.688s
slowest tests:
  3.441s  daemon.services.test.session tokens issue, validate by hash, and expire
  3.095s  daemon.server.test.TOTP CONFIRM revokes an existing session token (no 2FA-free re-entry)
  2.836s  daemon.services.test.session token validation refuses orphan records after rotation and revocation
  87ms  daemon.secured_s2s_link.test.secured link retains session token resolver across lazy inner establishment
  59ms  substrate.undertow.route_table.test.session token metadata is receiver-owned, LWW copied, and explicitly rebound
  52ms  substrate.undertow.s2s_peer.test.session token reconcile and NICKCHANGE honor Store-selected nick authority
  41ms  substrate.undertow.s2s_peer.test.session token resolver rejects or binds channel-aware membership before route mutation
  34ms  daemon.server.test.UPGRADE logged-in client without exact session token is incomplete
  20ms  substrate.undertow.s2s_peer.test.session token reconcile revoke queues one PART and a later wire PART is unchanged
  14ms  substrate.undertow.s2s_peer.test.session token reconcile allocation failure retains old identity for retry
Build Summary: 4/4 steps succeeded
test-mod-verbose success
+- run test success 9s
   +- compile test Debug native success 9s MaxRSS:513M
      +- options cached

