SHA256 944b49883ce877cdaf55bbb6b4693bef3cd973ca9f00036f9605b51ac1428fc8
1/82 root.test_0...OK
2/82 crypto.root.test_0...OK
3/82 daemon.root.test_0...OK
4/82 proto.root.test_0...OK
5/82 substrate.root.test_0...OK
6/82 wasm.host.root.test_0...OK
7/82 substrate.io.root.test_0...OK
8/82 substrate.ripple_props.test_0...OK
9/82 substrate.ripple.test_0...OK
10/82 substrate.undertow.root.test_0...OK
11/82 substrate.undertow.peer_link.test_0...OK
12/82 substrate.io.buf_ring.test_0...OK
13/82 substrate.io.ring.test_0...OK
14/82 proto.asn1_time.test_0...OK
15/82 proto.certfp.test_0...OK
16/82 proto.cloak.test_0...OK
17/82 proto.ircx_modex.test_0...OK
18/82 proto.ircx_saccess.test_0...OK
19/82 proto.listx.test_0...OK
20/82 proto.mooring.test_0...OK
21/82 proto.mooring_props.test_0...OK
22/82 proto.quic_handshake.test_0...OK
23/82 proto.quic_transport_params.test_0...OK
24/82 proto.sasl_external_verify.test_0...OK
25/82 proto.sasl_mechrouter.test_0...OK
26/82 proto.sasl_oauthbearer.test_0...OK
27/82 proto.sasl.test_0...OK
28/82 proto.sasl_scram512_server.test_0...OK
29/82 proto.sasl_scram.test_0...OK
30/82 proto.sasl_scram_server.test_0...OK
31/82 proto.signed_delta.test_0...OK
32/82 proto.toml.test_0...OK
33/82 proto.x509.test_0...OK
34/82 daemon.modules.manifest.test_0...OK
35/82 daemon.key_transparency.test_0...OK
36/82 daemon.acme_cli.test_0...OK
37/82 daemon.acme_http01_listener.test_0...OK
38/82 daemon.acme_renewal.test_0...OK
39/82 daemon.acme_runner.test_0...OK
40/82 daemon.config_format.test_0...OK
41/82 daemon.helix.root.test_0...OK
42/82 daemon.metrics_http.test_0...OK
43/82 daemon.webhook.test_0...OK
44/82 daemon.webhook_render.test_0...OK
45/82 daemon.webhook_http.test_0...OK
46/82 daemon.oauth_jwt.test_0...OK
47/82 daemon.ocsp_staple.test_0...OK
48/82 daemon.reactor_pool.test_0...OK
49/82 daemon.sasl_bridge.test_0...OK
50/82 daemon.scram_store.test_0...OK
51/82 daemon.server.test_0...OK
52/82 daemon.sessions.test_0...OK
53/82 daemon.svc_memo_forward.test.forward target is optional and case normalized...OK
54/82 daemon.svc_memo_forward.test.setting an existing forward target replaces owned target without growing store...OK
55/82 daemon.svc_memo_forward.test.clear forward removes only the requested account...OK
56/82 daemon.svc_memo_forward.test.resolve delivery follows forward chain...OK
57/82 daemon.svc_memo_forward.test.resolve delivery reports unforwarded account...OK
58/82 daemon.svc_memo_forward.test.resolve delivery borrows caller storage across repeated resolutions...OK
59/82 daemon.svc_memo_forward.test.resolve delivery allocates neither direct nor forwarded decisions...OK
60/82 daemon.svc_memo_forward.test.forward cycles and self-forward are rejected...OK
61/82 daemon.svc_memo_forward.test.forward hop limit is enforced before unbounded traversal...OK
62/82 daemon.svc_memo_forward.test.forward validation rejects invalid names and capacity overflow...OK
63/82 daemon.tls_certs.test_0...OK
64/82 daemon.tls_conn.test_0...OK
65/82 daemon.tls_sni_load.test_0...OK
66/82 daemon.world.test.+f forward target: set (owned dupe), read, replace, clear...OK
67/82 crypto.tls_server.test_0...OK
68/82 crypto.tls_record.test_0...OK
69/82 crypto.hkdf_tls13.test_0...OK
70/82 crypto.hash.test_0...OK
71/82 crypto.random.test_0...OK
72/82 crypto.kx.test_0...OK
73/82 crypto.sign.test_0...OK
74/82 crypto.xwing.test_0...OK
75/82 crypto.sct.test_0...OK
76/82 crypto.tls_client.test_0...OK
77/82 crypto.aead.test_0...OK
78/82 crypto.ecdsa_kat.test_0...OK
79/82 crypto.ed25519_batch.test_0...OK
80/82 crypto.sign_kat.test_0...OK
81/82 crypto.tls_props.test_0...OK
82/82 crypto.tls.test_0...OK
All 82 tests passed.

EXIT 0
