[1/75] root.test_0 ... OK (5us)
[2/75] crypto.root.test_0 ... OK (1us)
[3/75] daemon.root.test_0 ... OK (1us)
[4/75] proto.root.test_0 ... OK (1us)
[5/75] substrate.root.test_0 ... OK (1us)
[6/75] wasm.host.root.test_0 ... OK (1us)
[7/75] substrate.io.root.test_0 ... OK (1us)
[8/75] substrate.ripple_props.test_0 ... OK (1us)
[9/75] substrate.ripple.test_0 ... OK (1us)
[10/75] substrate.undertow.root.test_0 ... OK (1us)
[11/75] substrate.undertow.peer_link.test_0 ... OK (1us)
[12/75] substrate.io.buf_ring.test_0 ... OK (1us)
[13/75] substrate.io.ring.test_0 ... OK (1us)
[14/75] proto.asn1_time.test_0 ... OK (1us)
[15/75] proto.certfp.test_0 ... OK (1us)
[16/75] proto.cloak.test_0 ... OK (1us)
[17/75] proto.ircx_modex.test_0 ... OK (1us)
[18/75] proto.ircx_saccess.test_0 ... OK (1us)
[19/75] proto.listx.test_0 ... OK (1us)
[20/75] proto.mooring.test_0 ... OK (1us)
[21/75] proto.mooring_props.test_0 ... OK (1us)
[22/75] proto.quic_handshake.test_0 ... OK (1us)
[23/75] proto.quic_transport_params.test_0 ... OK (1us)
[24/75] proto.sasl_external_verify.test_0 ... OK (1us)
[25/75] proto.sasl_mechrouter.test_0 ... OK (1us)
[26/75] proto.sasl_oauthbearer.test_0 ... OK (1us)
[27/75] proto.sasl.test_0 ... OK (1us)
[28/75] proto.sasl_scram512_server.test_0 ... OK (1us)
[29/75] proto.sasl_scram.test_0 ... OK (1us)
[30/75] proto.sasl_scram_server.test_0 ... OK (1us)
[31/75] proto.signed_delta.test_0 ... OK (1us)
[32/75] proto.toml.test_0 ... OK (1us)
[33/75] proto.x509.test_0 ... OK (1us)
[34/75] daemon.modules.manifest.test_0 ... OK (1us)
[35/75] daemon.key_transparency.test_0 ... OK (1us)
[36/75] daemon.acme_cli.test_0 ... OK (1us)
[37/75] daemon.acme_http01_listener.test_0 ... OK (1us)
[38/75] daemon.acme_renewal.test_0 ... OK (1us)
[39/75] daemon.acme_runner.test_0 ... OK (1us)
[40/75] daemon.config_format.test_0 ... OK (1us)
[41/75] daemon.helix.root.test_0 ... OK (1us)
[42/75] daemon.metrics_http.test_0 ... OK (1us)
[43/75] daemon.webhook.test_0 ... OK (1us)
[44/75] daemon.webhook_render.test_0 ... OK (1us)
[45/75] daemon.webhook_http.test_0 ... OK (1us)
[46/75] daemon.oauth_jwt.test_0 ... OK (1us)
[47/75] daemon.ocsp_staple.test_0 ... OK (1us)
[48/75] daemon.reactor_pool.test_0 ... OK (1us)
[49/75] daemon.sasl_bridge.test_0 ... OK (1us)
[50/75] daemon.scram_store.test_0 ... OK (1us)
[51/75] daemon.server.test.UPGRADE resume: peer RESYNC re-burst of unchanged remote state emits zero client-visible lines ... OK (172ms)
[52/75] daemon.server.test.UPGRADE resume: first override grant after missing registry projects +Y once ... OK (121ms)
[53/75] daemon.server.test.threaded server: LUSERS counts are consistent across shards ... OK (475ms)
[54/75] daemon.server.test.threaded server: reciprocal [mesh].connect survives redial sweeps ... OK (9.472s)
[55/75] daemon.server.test_0 ... OK (1us)
[56/75] daemon.sessions.test_0 ... OK (1us)
[57/75] daemon.tls_certs.test_0 ... OK (1us)
[58/75] daemon.tls_conn.test_0 ... OK (1us)
[59/75] daemon.tls_sni_load.test_0 ... OK (1us)
[60/75] crypto.tls_server.test_0 ... OK (1us)
[61/75] crypto.tls_record.test_0 ... OK (1us)
[62/75] crypto.hkdf_tls13.test_0 ... OK (1us)
[63/75] crypto.hash.test_0 ... OK (1us)
[64/75] crypto.random.test_0 ... OK (1us)
[65/75] crypto.kx.test_0 ... OK (1us)
[66/75] crypto.sign.test_0 ... OK (1us)
[67/75] crypto.xwing.test_0 ... OK (1us)
[68/75] crypto.tls_client.test_0 ... OK (1us)
[69/75] crypto.sct.test_0 ... OK (1us)
[70/75] crypto.aead.test_0 ... OK (1us)
[71/75] crypto.ecdsa_kat.test_0 ... OK (1us)
[72/75] crypto.ed25519_batch.test_0 ... OK (1us)
[73/75] crypto.sign_kat.test_0 ... OK (1us)
[74/75] crypto.tls_props.test_0 ... OK (1us)
[75/75] crypto.tls.test_0 ... OK (1us)
verbose test summary: 75 passed; 0 skipped; 0 failed; 0 leaked; 0 log errors; elapsed 10.237s
slowest tests:
  9.472s  daemon.server.test.threaded server: reciprocal [mesh].connect survives redial sweeps
  475ms  daemon.server.test.threaded server: LUSERS counts are consistent across shards
  172ms  daemon.server.test.UPGRADE resume: peer RESYNC re-burst of unchanged remote state emits zero client-visible lines
  121ms  daemon.server.test.UPGRADE resume: first override grant after missing registry projects +Y once
  5us  root.test_0
  1us  daemon.server.test_0
  1us  crypto.root.test_0
  1us  daemon.sessions.test_0
  1us  daemon.tls_sni_load.test_0
  1us  crypto.random.test_0
Build Summary: 4/4 steps succeeded
test-mod-verbose success
+- run test success 10s
   +- compile test ReleaseSafe native success 7m MaxRSS:2G
      +- options cached

