e9611b88e0fa34488c82e2940e31a0dfe9595a9438723cb956833c7760066643
1/72 root.test_0...OK
2/72 crypto.root.test_0...OK
3/72 daemon.root.test_0...OK
4/72 proto.root.test_0...OK
5/72 substrate.root.test_0...OK
6/72 wasm.host.root.test_0...OK
7/72 substrate.io.root.test_0...OK
8/72 substrate.ripple_props.test_0...OK
9/72 substrate.ripple.test_0...OK
10/72 substrate.undertow.root.test_0...OK
11/72 substrate.undertow.peer_link.test_0...OK
12/72 substrate.io.buf_ring.test_0...OK
13/72 substrate.io.ring.test_0...OK
14/72 proto.asn1_time.test_0...OK
15/72 proto.certfp.test_0...OK
16/72 proto.cloak.test_0...OK
17/72 proto.ircx_modex.test_0...OK
18/72 proto.ircx_saccess.test_0...OK
19/72 proto.listx.test_0...OK
20/72 proto.mooring.test_0...OK
21/72 proto.mooring_props.test_0...OK
22/72 proto.quic_handshake.test_0...OK
23/72 proto.quic_transport_params.test_0...OK
24/72 proto.sasl_external_verify.test_0...OK
25/72 proto.sasl_mechrouter.test_0...OK
26/72 proto.sasl_oauthbearer.test_0...OK
27/72 proto.sasl.test_0...OK
28/72 proto.sasl_scram512_server.test_0...OK
29/72 proto.sasl_scram.test_0...OK
30/72 proto.sasl_scram_server.test_0...OK
31/72 proto.signed_delta.test_0...OK
32/72 proto.toml.test_0...OK
33/72 proto.x509.test_0...OK
34/72 daemon.modules.manifest.test_0...OK
35/72 daemon.key_transparency.test_0...OK
36/72 daemon.acme_cli.test_0...OK
37/72 daemon.acme_http01_listener.test_0...OK
38/72 daemon.acme_renewal.test_0...OK
39/72 daemon.acme_runner.test_0...OK
40/72 daemon.config_format.test_0...OK
41/72 daemon.helix.root.test_0...OK
42/72 daemon.metrics_http.test_0...OK
43/72 daemon.webhook.test_0...OK
44/72 daemon.webhook_render.test_0...OK
45/72 daemon.webhook_http.test_0...OK
46/72 daemon.oauth_jwt.test_0...OK
47/72 daemon.ocsp_staple.test_0...OK
48/72 daemon.reactor_pool.test_0...OK
49/72 daemon.reuseport.test.OpenBSD listeners bind native IPv4 and IPv6 addresses...OK
50/72 daemon.sasl_bridge.test_0...OK
51/72 daemon.scram_store.test_0...OK
52/72 daemon.server.test_0...OK
53/72 daemon.sessions.test_0...OK
54/72 daemon.tls_certs.test_0...OK
55/72 daemon.tls_conn.test_0...OK
56/72 daemon.tls_sni_load.test_0...OK
57/72 crypto.tls_server.test_0...OK
58/72 crypto.tls_record.test_0...OK
59/72 crypto.hkdf_tls13.test_0...OK
60/72 crypto.hash.test_0...OK
61/72 crypto.random.test_0...OK
62/72 crypto.kx.test_0...OK
63/72 crypto.sign.test_0...OK
64/72 crypto.xwing.test_0...OK
65/72 crypto.sct.test_0...OK
66/72 crypto.tls_client.test_0...OK
67/72 crypto.aead.test_0...OK
68/72 crypto.ecdsa_kat.test_0...OK
69/72 crypto.ed25519_batch.test_0...OK
70/72 crypto.sign_kat.test_0...OK
71/72 crypto.tls_props.test_0...OK
72/72 crypto.tls.test_0...OK
All 72 tests passed.
iterations=200 failures=0
