02badd99b9ccfc48719a677db5f415f4e23b630c50f48cd9d0144636fc498ccd
[1/72] root.test_0 ... OK (12us)
[2/72] crypto.root.test_0 ... OK (18us)
[3/72] daemon.root.test_0 ... OK (17us)
[4/72] proto.root.test_0 ... OK (1us)
[5/72] substrate.root.test_0 ... OK (1us)
[6/72] wasm.host.root.test_0 ... OK (1us)
[7/72] substrate.io.root.test_0 ... OK (9us)
[8/72] substrate.ripple_props.test_0 ... OK (1us)
[9/72] substrate.ripple.test_0 ... OK (14us)
[10/72] substrate.undertow.root.test_0 ... OK (1us)
[11/72] substrate.undertow.peer_link.test_0 ... OK (1us)
[12/72] substrate.io.buf_ring.test_0 ... OK (9us)
[13/72] substrate.io.ring.test_0 ... OK (1us)
[14/72] proto.asn1_time.test_0 ... OK (20us)
[15/72] proto.certfp.test_0 ... OK (17us)
[16/72] proto.cloak.test_0 ... OK (1us)
[17/72] proto.ircx_modex.test_0 ... OK (1us)
[18/72] proto.ircx_saccess.test_0 ... OK (1us)
[19/72] proto.listx.test_0 ... OK (1us)
[20/72] proto.mooring.test_0 ... OK (1us)
[21/72] proto.mooring_props.test_0 ... OK (1us)
[22/72] proto.quic_handshake.test_0 ... OK (1us)
[23/72] proto.quic_transport_params.test_0 ... OK (15us)
[24/72] proto.sasl_external_verify.test_0 ... OK (15us)
[25/72] proto.sasl_mechrouter.test_0 ... OK (1us)
[26/72] proto.sasl_oauthbearer.test_0 ... OK (1us)
[27/72] proto.sasl.test_0 ... OK (1us)
[28/72] proto.sasl_scram512_server.test_0 ... OK (8us)
[29/72] proto.sasl_scram.test_0 ... OK (9us)
[30/72] proto.sasl_scram_server.test_0 ... OK (31us)
[31/72] proto.signed_delta.test_0 ... OK (21us)
[32/72] proto.toml.test_0 ... OK (1us)
[33/72] proto.x509.test_0 ... OK (1us)
[34/72] daemon.modules.manifest.test_0 ... OK (1us)
[35/72] daemon.key_transparency.test_0 ... OK (1us)
[36/72] daemon.acme_cli.test_0 ... OK (14us)
[37/72] daemon.acme_http01_listener.test_0 ... OK (1us)
[38/72] daemon.acme_renewal.test_0 ... OK (9us)
[39/72] daemon.acme_runner.test_0 ... OK (8us)
[40/72] daemon.config_format.test_0 ... OK (18us)
[41/72] daemon.helix.root.test_0 ... OK (1us)
[42/72] daemon.metrics_http.test_0 ... OK (7us)
[43/72] daemon.webhook.test_0 ... OK (1us)
[44/72] daemon.webhook_render.test_0 ... OK (1us)
[45/72] daemon.webhook_http.test_0 ... OK (17us)
[46/72] daemon.oauth_jwt.test_0 ... OK (1us)
[47/72] daemon.ocsp_staple.test_0 ... OK (9us)
[48/72] daemon.reactor_pool.test_0 ... OK (1us)
[49/72] daemon.sasl_bridge.test_0 ... OK (1us)
[50/72] daemon.scram_store.test_0 ... OK (2us)
[51/72] daemon.server.test.SESSIONTOKEN live dispatch issues Unix expiry and survives durable cold reopen ... OK (1.868s)
[52/72] daemon.server.test_0 ... OK (73us)
[53/72] daemon.sessions.test_0 ... OK (1us)
[54/72] daemon.tls_certs.test_0 ... OK (12us)
[55/72] daemon.tls_conn.test_0 ... OK (39us)
[56/72] daemon.tls_sni_load.test_0 ... OK (62us)
[57/72] crypto.tls_server.test_0 ... OK (20us)
[58/72] crypto.tls_record.test_0 ... OK (33us)
[59/72] crypto.hkdf_tls13.test_0 ... OK (1us)
[60/72] crypto.hash.test_0 ... OK (2us)
[61/72] crypto.random.test_0 ... OK (2us)
[62/72] crypto.kx.test_0 ... OK (2us)
[63/72] crypto.sign.test_0 ... OK (37us)
[64/72] crypto.xwing.test_0 ... OK (34us)
[65/72] crypto.tls_client.test_0 ... OK (1us)
[66/72] crypto.sct.test_0 ... OK (2us)
[67/72] crypto.aead.test_0 ... OK (2us)
[68/72] crypto.ecdsa_kat.test_0 ... OK (1us)
[69/72] crypto.ed25519_batch.test_0 ... OK (33us)
[70/72] crypto.sign_kat.test_0 ... OK (22us)
[71/72] crypto.tls_props.test_0 ... OK (1us)
[72/72] crypto.tls.test_0 ... OK (2us)
verbose test summary: 72 passed; 0 skipped; 0 failed; 0 leaked; 0 log errors; elapsed 1.869s
slowest tests:
  1.868s  daemon.server.test.SESSIONTOKEN live dispatch issues Unix expiry and survives durable cold reopen
  73us  daemon.server.test_0
  62us  daemon.tls_sni_load.test_0
  39us  daemon.tls_conn.test_0
  37us  crypto.sign.test_0
  34us  crypto.xwing.test_0
  33us  crypto.tls_record.test_0
  33us  crypto.ed25519_batch.test_0
  31us  proto.sasl_scram_server.test_0
  22us  crypto.sign_kat.test_0
