test-services
+- run test w
GAP-P0b branch=cap onyx/2fa=IDENTIFY before AUTHENTICATE
GAP-P0b branch=oauth refuses unknown account unless oauth_auto_provision
GAP-A3 branch=rowless session replica proof; forged account is UID-renamed
GAP-D2 branch=kill-restart plus same-image USR2 delivered usr2 offline and fired MEMO_PUSH
GAP-D4 branch=same-image USR2 kept shun spamtrap Koshi reputation and account score; the new connection guard started full
TOTP atomic allocation sweep disable=false failures=7 then success
TOTP atomic allocation sweep disable=true failures=5 then success
TOTP atomic cold replay disable=false write=failed sync=false active=false token_valid=true
TOTP atomic cold replay disable=false write=short sync=false active=false token_valid=true
TOTP atomic cold replay disable=false write=none sync=true active=true token_valid=false
TOTP atomic cold replay disable=true write=failed sync=false active=true token_valid=true
TOTP atomic cold replay disable=true write=short sync=false active=true token_valid=true
TOTP atomic cold replay disable=true write=none sync=true active=false token_valid=false
TOTP atomic RESETPASS allocation failures before password=9 then success
GAP-P0b branch=oauth refuses unknown account unless oauth_auto_provision
GAP-P0c branch=remote SYS and ADM DATA tags stay closed even for an operator account
GAP-P0c branch=whowas account and real host
TOTP atomic enable: 7 induced allocation failures, retries, and cold reopens
TOTP atomic disable: 5 induced allocation failures, retries, and cold reopens
TOTP atomic replace: 7 induced allocation failures, retries, and cold reopens
TOTP atomic revoke: 3 induced allocation failures, retries, and cold reopens
TOTP atomic rotate: 11 induced allocation failures, retries, and cold reopens
TOTP atomic reset: 9 induced allocation failures, retries, and cold reopens
GAP-D7 branch=a failed pending-address write issues no verification token; live mail stays off
failed command: ./.zig-cache/o/9f16fae39b09ca212b3df2b34cb7ba73/test --cache-dir=./.zig-cache --seed=0x7673ce54 --listen=-

test-server
+- run test w
GAP-D3 branch=same-image USR2 kept gag 192.0.2.11 and granted vhost staff
GAP-D5 branch=same-image USR2 invalidated the pre-crash verify and reset tokens, then SCRAM and CertFP still resolved and a new token confirmed
GAP-X2 step3 branch=SEARCH command family moved behind the messaging thunk and the membership rate-limit and result cap still hold
failed command: ./.zig-cache/o/9806ce1b4b31e3bc96d65c9fb166ba3d/test --cache-dir=./.zig-cache --seed=0x7673ce54 --listen=-

Build Summary: 7/7 steps succeeded; 1032/1036 tests passed (4 skipped)
test-server success
+- run test 468 pass, 4 skip (472 total) 1m MaxRSS:455M
   +- compile test ReleaseSafe native success 7m MaxRSS:2G
      +- options cached
test-services success
+- run test 564 pass (564 total) 1m MaxRSS:147M
   +- compile test ReleaseSafe native success 7m MaxRSS:2G
      +- options (reused)
