test-server
+- run test 467 pass, 4 skip, 1 fail (472 total)
error: 'daemon.server.test.threaded server: UPGRADE resume arena re-dials a carried mesh peer' failed:
       GAP-D3 branch=same-image USR2 kept gag 192.0.2.11 and granted vhost staff
       GAP-D5 branch=same-image USR2 invalidated the pre-crash verify and reset tokens, then SCRAM and CertFP still resolved and a new token confirmed
       GAP-X2 step3 branch=SEARCH command family moved behind the messaging thunk and the membership rate-limit and result cap still hold
       /usr/local/lib/zig-0.17/lib/zig/std/testing.zig:614:14: 0x154e739 in expect (std.zig)
           if (!ok) return error.TestUnexpectedResult;
                    ^
       /home/kain/onyx-server/src/daemon/server.zig:110427:5: 0x1c4ed18 in test.threaded server: UPGRADE resume arena re-dials a carried mesh peer (root.zig)
           try std.testing.expect(linked);
           ^
failed command: ./.zig-cache/o/267db9f94247cc510ad3cf75b51ad5c3/test --cache-dir=./.zig-cache --seed=0x53abe880 --listen=-

test-services
+- run test w
GAP-P0b branch=cap onyx/2fa=IDENTIFY before AUTHENTICATE
GAP-P0b branch=oauth refuses unknown account unless oauth_auto_provision
GAP-A3 branch=rowless session replica proof; forged account is UID-renamed
GAP-D2 branch=kill-restart plus same-image USR2 delivered usr2 offline and fired MEMO_PUSH
GAP-D4 branch=same-image USR2 kept shun spamtrap Koshi reputation and account score; the new connection guard started full
TOTP atomic allocation sweep disable=false failures=7 then success
TOTP atomic allocation sweep disable=true failures=5 then success
TOTP atomic cold replay disable=false write=failed sync=false active=false token_valid=true
TOTP atomic cold replay disable=false write=short sync=false active=false token_valid=true
TOTP atomic cold replay disable=false write=none sync=true active=true token_valid=false
TOTP atomic cold replay disable=true write=failed sync=false active=true token_valid=true
TOTP atomic cold replay disable=true write=short sync=false active=true token_valid=true
TOTP atomic cold replay disable=true write=none sync=true active=false token_valid=false
TOTP atomic RESETPASS allocation failures before password=9 then success
GAP-P0b branch=oauth refuses unknown account unless oauth_auto_provision
GAP-P0c branch=remote SYS and ADM DATA tags stay closed even for an operator account
GAP-P0c branch=whowas account and real host
TOTP atomic enable: 7 induced allocation failures, retries, and cold reopens
TOTP atomic disable: 5 induced allocation failures, retries, and cold reopens
TOTP atomic replace: 7 induced allocation failures, retries, and cold reopens
TOTP atomic revoke: 3 induced allocation failures, retries, and cold reopens
TOTP atomic rotate: 11 induced allocation failures, retries, and cold reopens
TOTP atomic reset: 9 induced allocation failures, retries, and cold reopens
GAP-D7 branch=a failed pending-address write issues no verification token; live mail stays off
failed command: ./.zig-cache/o/01503f74d33af80d18e5c4d466b51341/test --cache-dir=./.zig-cache --seed=0x53abe880 --listen=-

Build Summary: 5/7 steps succeeded (1 failed); 1031/1036 tests passed (4 skipped, 1 failed)
test-server transitive failure
+- run test 467 pass, 4 skip, 1 fail (472 total)
   +- compile test Debug native success 15s MaxRSS:637M
      +- options cached
test-services success
+- run test 564 pass (564 total) 10m MaxRSS:197M
   +- compile test Debug native success 16s MaxRSS:628M
      +- options (reused)
