8192
SHA256 (onyx-server-module-tests) = ef941ba6fec1663b3c3e3b72e44a0ac267dfb63cd01edb4d3ad14d7714f94ce7
SHA256 (onyx-server-daemon-tests) = cb6493f8a436cad6ec1bc6938c248a1c66e69ff8e93fa062eaa5ba622212970c
SHA256 (onyx-server-cli-tests) = 06f231e0e91ab8e904eadf852f28dd651b99538de5adc304999ea51c6567c8fc
    2m12.12s real     2m08.88s user     0m02.90s system
161/171 crypto.random.test_0...OK
162/171 crypto.kx.test_0...OK
163/171 crypto.xwing.test_0...OK
164/171 crypto.tls_client.test_0...OK
165/171 crypto.sct.test_0...OK
166/171 crypto.aead.test_0...OK
167/171 crypto.ecdsa_kat.test_0...OK
168/171 crypto.ed25519_batch.test_0...OK
169/171 crypto.sign_kat.test_0...OK
170/171 crypto.tls_props.test_0...OK
171/171 crypto.tls.test_0...OK
170 passed; 1 skipped; 0 failed.
MODULE_EXIT=0
All 0 tests passed.
DAEMON_EXIT=0
1/2 armor_main.test_0...OK
2/2 root.test_0...OK
All 2 tests passed.
CLI_EXIT=0
