test-services
+- run test w
GAP-P0b branch=cap onyx/2fa=IDENTIFY before AUTHENTICATE
GAP-P0b branch=oauth refuses unknown account unless oauth_auto_provision
GAP-A3 branch=rowless session replica proof; forged account is UID-renamed
GAP-D2 branch=kill-restart plus same-image USR2 delivered usr2 offline and fired MEMO_PUSH
GAP-D4 branch=same-image USR2 kept shun spamtrap Koshi reputation and account score; the new connection guard started full
GAP-P0b branch=oauth refuses unknown account unless oauth_auto_provision
GAP-P0c branch=remote SYS and ADM DATA tags stay closed even for an operator account
GAP-P0c branch=whowas account and real host
GAP-D7 branch=a failed pending-address write issues no verification token; live mail stays off
failed command: ./.zig-cache/o/352cfb1a03af9556ba5991277208985a/test --cache-dir=./.zig-cache --seed=0x90b8c366 --listen=-

test-server
+- run test w
GAP-D3 branch=same-image USR2 kept gag 192.0.2.11 and granted vhost staff
GAP-D5 branch=same-image USR2 invalidated the pre-crash verify and reset tokens, then SCRAM and CertFP still resolved and a new token confirmed
GAP-X2 step3 branch=SEARCH command family moved behind the messaging thunk and the membership rate-limit and result cap still hold
failed command: ./.zig-cache/o/7b24597047f3e6c9c47de1219247a635/test --cache-dir=./.zig-cache --seed=0x90b8c366 --listen=-

Build Summary: 7/7 steps succeeded; 1017/1021 tests passed (4 skipped)
test-server success
+- run test 468 pass, 4 skip (472 total) 1m MaxRSS:455M
   +- compile test ReleaseSafe native success 7m MaxRSS:2G
      +- options cached
test-services success
+- run test 549 pass (549 total) 45s MaxRSS:147M
   +- compile test ReleaseSafe native success 7m MaxRSS:2G
      +- options (reused)

