test-server
+- run test w
GAP-D3 branch=same-image USR2 kept gag 192.0.2.11 and granted vhost staff
GAP-D5 branch=same-image USR2 invalidated the pre-crash verify and reset tokens, then SCRAM and CertFP still resolved and a new token confirmed
GAP-X2 step3 branch=SEARCH command family moved behind the messaging thunk and the membership rate-limit and result cap still hold
failed command: ./.zig-cache/o/6e11ade6f59fab4200c71be76c2933d0/test --cache-dir=./.zig-cache --seed=0xc8b40f30 --listen=-

test-services
+- run test w
GAP-P0b branch=cap onyx/2fa=IDENTIFY before AUTHENTICATE
GAP-P0b branch=oauth refuses unknown account unless oauth_auto_provision
GAP-A3 branch=rowless session replica proof; forged account is UID-renamed
GAP-D2 branch=kill-restart plus same-image USR2 delivered usr2 offline and fired MEMO_PUSH
GAP-D4 branch=same-image USR2 kept shun spamtrap Koshi reputation and account score; the new connection guard started full
GAP-P0b branch=oauth refuses unknown account unless oauth_auto_provision
GAP-P0c branch=remote SYS and ADM DATA tags stay closed even for an operator account
GAP-P0c branch=whowas account and real host
GAP-D7 branch=a failed pending-address write issues no verification token; live mail stays off
failed command: ./.zig-cache/o/b21c42408ed159637f79b2a0f29bbfbb/test --cache-dir=./.zig-cache --seed=0xc8b40f30 --listen=-

Build Summary: 7/7 steps succeeded; 1017/1021 tests passed (4 skipped)
test-server success
+- run test 468 pass, 4 skip (472 total) 5m MaxRSS:517M
   +- compile test Debug native success 21s MaxRSS:645M
      +- options cached
test-services success
+- run test 549 pass (549 total) 9m MaxRSS:199M
   +- compile test Debug native success 21s MaxRSS:637M
      +- options (reused)

