1/75 root.test_0...OK
2/75 crypto.root.test_0...OK
3/75 daemon.root.test_0...OK
4/75 proto.root.test_0...OK
5/75 substrate.root.test_0...OK
6/75 wasm.host.root.test_0...OK
7/75 substrate.io.root.test_0...OK
8/75 substrate.ripple_props.test_0...OK
9/75 substrate.ripple.test_0...OK
10/75 substrate.undertow.root.test_0...OK
11/75 substrate.undertow.peer_link.test_0...OK
12/75 substrate.io.buf_ring.test_0...OK
13/75 substrate.io.ring.test_0...OK
14/75 proto.asn1_time.test_0...OK
15/75 proto.certfp.test_0...OK
16/75 proto.cloak.test_0...OK
17/75 proto.ircx_modex.test_0...OK
18/75 proto.ircx_saccess.test_0...OK
19/75 proto.listx.test_0...OK
20/75 proto.mooring.test_0...OK
21/75 proto.mooring_props.test_0...OK
22/75 proto.quic_handshake.test_0...OK
23/75 proto.quic_transport_params.test_0...OK
24/75 proto.sasl_external_verify.test_0...OK
25/75 proto.sasl_mechrouter.test_0...OK
26/75 proto.sasl_oauthbearer.test_0...OK
27/75 proto.sasl.test_0...OK
28/75 proto.sasl_scram512_server.test_0...OK
29/75 proto.sasl_scram.test_0...OK
30/75 proto.sasl_scram_server.test_0...OK
31/75 proto.signed_delta.test_0...OK
32/75 proto.toml.test_0...OK
33/75 proto.x509.test_0...OK
34/75 daemon.modules.manifest.test_0...OK
35/75 daemon.key_transparency.test_0...OK
36/75 daemon.acme_cli.test_0...OK
37/75 daemon.acme_http01_listener.test_0...OK
38/75 daemon.acme_renewal.test_0...OK
39/75 daemon.acme_runner.test_0...OK
40/75 daemon.config_format.test_0...OK
41/75 daemon.helix.root.test_0...OK
42/75 daemon.metrics_http.test_0...OK
43/75 daemon.webhook.test_0...OK
44/75 daemon.webhook_render.test_0...OK
45/75 daemon.webhook_http.test_0...OK
46/75 daemon.oauth_jwt.test_0...OK
47/75 daemon.ocsp_staple.test_0...OK
48/75 daemon.reactor_pool.test_0...OK
49/75 daemon.sasl_bridge.test_0...OK
50/75 daemon.scram_store.test_0...OK
51/75 daemon.server.test.buildIsupportTokens allocation failures preserve ownership and publication across optional tokens...ISUPPORT OOM options=0: 34 failures, 34 successful retries, final success index=34
ISUPPORT OOM options=1: 37 failures, 37 successful retries, final success index=37
ISUPPORT OOM options=2: 37 failures, 37 successful retries, final success index=37
ISUPPORT OOM options=3: 40 failures, 40 successful retries, final success index=40
ISUPPORT OOM options=4: 37 failures, 37 successful retries, final success index=37
ISUPPORT OOM options=5: 40 failures, 40 successful retries, final success index=40
ISUPPORT OOM options=6: 40 failures, 40 successful retries, final success index=40
ISUPPORT OOM options=7: 43 failures, 43 successful retries, final success index=43
ISUPPORT OOM sweep: 8 optional-token combinations, 308 failures and retries, 8 final successes
OK
52/75 daemon.server.test.buildIsupportTokens successful retry publishes complete live 005 advertisement...Segmentation fault at address 0x7057f9be95c0
compiler_rt/stack_probe.zig:47:13: 0xb1fc4d68ad4 in zig_probe_stack (compiler_rt)
Segmentation fault (core dumped) 
